../Core/Inc/bno055_stm32.h:20:6:bno055_assignI2C	16	static
../Core/Inc/bno055_stm32.h:24:6:bno055_delay	16	static
../Core/Inc/bno055_stm32.h:32:6:bno055_writeData	40	static
../Core/Inc/bno055_stm32.h:98:6:bno055_readData	24	static
../Core/Src/main.c:166:6:sendContinuousRangingCommand	32	static
../Core/Src/main.c:171:6:HAL_UARTEx_RxEventCallback	16	static
../Core/Src/main.c:196:6:parseData	56	static
../Core/Src/main.c:223:7:get_yaw	48	static
../Core/Src/main.c:233:6:processResponse	24	static
../Core/Src/main.c:238:6:restartReception	16	static
../Core/Src/main.c:243:6:update_odometry	64	static
../Core/Src/main.c:278:5:main	88	static
../Core/Src/main.c:465:6:SystemClock_Config	88	static
../Core/Src/main.c:519:13:MX_I2C2_Init	8	static
../Core/Src/main.c:567:13:MX_TIM1_Init	112	static
../Core/Src/main.c:659:13:MX_TIM2_Init	64	static
../Core/Src/main.c:730:13:MX_TIM3_Init	64	static
../Core/Src/main.c:789:13:MX_TIM8_Init	112	static
../Core/Src/main.c:881:13:MX_UART4_Init	8	static
../Core/Src/main.c:916:13:MX_UART7_Init	8	static
../Core/Src/main.c:951:13:MX_UART8_Init	8	static
../Core/Src/main.c:986:13:MX_USART1_UART_Init	8	static
../Core/Src/main.c:1021:13:MX_GPIO_Init	56	static
../Core/Src/main.c:1099:6:HAL_GPIO_EXTI_Callback	16	static
../Core/Src/main.c:1137:6:M1_updateEncoder	16	static
../Core/Src/main.c:1156:6:M2_updateEncoder	16	static
../Core/Src/main.c:1175:6:M3_updateEncoder	16	static
../Core/Src/main.c:1199:6:Error_Handler	4	static,ignoring_inline_asm
